
> tasks@0.1.0 test
> react-scripts test --coverage

Browserslist: caniuse-lite is outdated. Please run:
  npx browserslist@latest --update-db
  Why you should do it regularly: https://github.com/browserslist/browserslist#browsers-data-updating
FAIL src/quizzer/Quizzer.test.tsx
  ● Quizzer Tests › Users can select a specific quiz to see the questions, including the questions name, body, and points

    TestingLibraryElementError: Unable to find an element with the text: What is the last letter of the English alphabet?. This could be because the text is broken up by multiple elements. In this case, you can provide a function for your text matcher to make your matcher more flexible.

    Ignored nodes: comments, <script />, <style />
    [36m<body[39m
      [33mclass[39m=[32m""[39m
      [33mstyle[39m=[32m"padding-right: 1024px;"[39m
    [36m>[39m
      [36m<div>[39m
        [36m<div[39m
          [33mclass[39m=[32m"quizzer"[39m
        [36m>[39m
          [36m<div[39m
            [33mclass[39m=[32m"quiz_list"[39m
          [36m>[39m
            [36m<div[39m
              [33mclass[39m=[32m"quiz_card"[39m
            [36m>[39m
              [36m<div[39m
                [33mclass[39m=[32m"d-flex justify-content-between align-items-center"[39m
              [36m>[39m
                [36m<div[39m
                  [33mclass[39m=[32m"d-flex align-items-baseline"[39m
                [36m>[39m
                  [36m<h1[39m
                    [33mclass[39m=[32m"title"[39m
                  [36m>[39m
                    [0mSimple_Questions[0m
                  [36m</h1>[39m
                  [36m<p>[39m
                    [0m2[0m
                    [0m question[0m
                    [0ms[0m
                  [36m</p>[39m
                [36m</div>[39m
                [36m<div>[39m
                  [36m<button[39m
                    [33mclass[39m=[32m"esc_button text-align-center btn btn-warning"[39m
                    [33mtype[39m=[32m"button"[39m
                  [36m>[39m
                    [0mEdit[0m
                  [36m</button>[39m
                  [36m<button[39m
                    [33mclass[39m=[32m"esc_button text-align-center btn btn-danger"[39m
                    [33mtype[39m=[32m"button"[39m
                  [36m>[39m
                    [0mExit[0m
                  [36m</button>[39m
                [36m</div>[39m
              [36m</div>[39m
              [36m<p[39m
                [33mclass[39m=[32m"desc"[39m
              [36m>[39m
                [0mThis quiz is full of simple questions and is published[0m
              [36m</p>[39m
              [36m<hr />[39m
              [36m<div[39m
                [33mclass[39m=[32m"question"[39m
              [36m>[39m
                [36m<div[39m
                  [33mclass[39m=[32m"question_header"[39m
                [36m>[39m
                  [36m<h4[39m
                    [33mdata-testid[39m=[32m"question_body"[39m
                  [36m>[39m
                    [0m1[0m
                    [0m. [0m
                    [0mWhat is 2+2?[0m
                  [36m</h4>[39m
                  [36m<h4>[39m
                    [0m1[0m
                    [0m pt[0m
                    [0m[0m
                  [36m</h4>[39m
                [36m</div>[39m
                [0mf[0m
                [36m<div[39m
                  [33mclass[39m=[32m"answer_box"[39m
                [36m>[39m
                  [36m<div>[39m
                    [36m<input[39m
                      [33mclass[39m=[32m"form-control"[39m
                      [33mdata-testid[39m=[32m"select-option"[39m
                      [33mid[39m=[32m"formShortAnswerBox"[39m
                      [33mvalue[39m=[32m""[39m
                    [36m/>[39m
                  [36m</div>[39m
                  [36m<div[39m
                    [33mclass[39m=[32m"sub_check"[39m
                  [36m>[39m
                    [36m<h2[39m
                      [33mclass[39m=[32m"hidden"[39m
                    [36m>[39m
                      [0m❌[0m
                    [36m</h2>[39m
                    [36m<button[39m
                      [33mclass[39m=[32m"submit_btn btn btn-primary"[39m
                      [33mtype[39m=[32m"button"[39m
                    [36m>[39m
                      [0mSubmit[0m
                    [36m</button>[39m
                  [36m</div>[39m
                [36m</div>[39m
              [36m</div>[39m
              [36m<hr />[39m
              [36m<div[39m
                [33mclass[39m=[32m"question"[39m
              [36m>[39m
                [36m<div[39m
                  [33mclass[39m=[32m"question_header"[39m
                [36m>[39m
                  [36m<h4[39m
                    [33mdata-testid[39m=[32m"question_body"[39m
                  [36m>[39m
                    [0m2[0m
                    [0m. [0m
                    [0mWhich of these is a color?[0m
                  [36m</h4>[39m
                  [36m<h4>[39m
                    [0m1[0m
                    [0m pt[0m
                    [0m[0m
                  [36m</h4>[39m
                [36m</div>[39m
                [0mf[0m
                [36m<div[39m
                  [33mclass[39m=[32m"answer_box"[39m
                [36m>[39m
                  [36m<div>[39m
                    [36m<div[39m
                      [33mclass[39m=[32m"form-check"[39m
                    [36m>[39m
                      [36m<input[39m
                        [33mclass[39m=[32m"form-check-input"[39m
                        [33mname[39m=[32m"questionChoice1"[39m
                        [33mtype[39m=[32m"checkbox"[39m
                        [33mvalue[39m=[32m"red"[39m
                      [36m/>[39m
                      [36m<label[39m
                        [33mclass[39m=[32m"form-check-label"[39m
                        [33mtitle[39m=[32m""[39m
                      [36m>[39m
                        [0mred[0m
                      [36m</label>[39m
                    [36m</div>[39m
                    [36m<div[39m
                      [33mclass[39m=[32m"form-check"[39m
                    [36m>[39m
                      [36m<input[39m
                        [33mclass[39m=[32m"form-check-input"[39m
                        [33mname[39m=[32m"questionChoice1"[39m
                        [33mtype[39m=[32m"checkbox"[39m
                        [33mvalue[39m=[32m"apple"[39m
                      [36m/>[39m
                      [36m<label[39m
                        [33mclass[39m=[32m"form-check-label"[39m
                        [33mtitle[39m=[32m""[39m
                      [36m>[39m
                        [0mapple[0m
                      [36m</label>[39m
                    [36m</div>[39m
                    [36m<div[39m
                      [33mclass[39m=[32m"form-check"[39m
                    [36m>[39m
                      [36m<input[39m
                        [33mclass[39m=[32m"form-check-input"[39m
                        [33mname[39m=[32m"questionChoice1"[39m
                        [33mtype[39m=[32m"checkbox"[39m
                        [33mvalue[39m=[32m"firetruck"[39m
                      [36m/>[39m
                      [36m<label[39m
                        [33mclass[39m=[32m"form-check-label"[39m
                        [33mtitle[39m=[32m""[39m
                      [36m>[39m
                        [0mfiretruck[0m
                      [36m</label>[39m
                    [36m</div>[39m
                  [36m</div>[39m
                  [36m<div[39m
                    [33mclass[39m=[32m"sub_check"[39m
                  [36m>[39m
                    [36m<h2[39m
                      [33mclass[39m=[32m"hidden"[39m
                    [36m>[39m
                      [0m❌[0m
                    [36m</h2>[39m
                    [36m<button[39m
                      [33mclass[39m=[32m"submit_btn btn btn-primary"[39m
                      [33mtype[39m=[32m"button"[39m
                    [36m>[39m
                      [0mSubmit[0m
                    [36m</button>[39m
                  [36m</div>[39m
                [36m</div>[39m
              [36m</div>[39m
              [36m<hr />[39m
              [36m<div[39m
                [33mclass[39m=[32m"footer"[39m
              [36m>[39m
                [36m<button[39m
                  [33mclass[39m=[32m"btn btn-danger"[39m
                  [33mtype[39m=[32m"button"[39m
                [36m>[39m
                  [0mReset[0m
                [36m</button>[39m
                [36m<span[39m
                  [33mclass[39m=[32m"score_report"[39m
                [36m>[39m
                  [0m0[0m
                  [0m/[0m
                  [0m2[0m
                [36m</span>[39m
              [36m</div>[39m
            [36m</div>[39m
          [36m</div>[39m
          [36m<div />[39m
          [36m<hr />[39m
          [36m<h2[39m
            [33mstyle[39m=[32m"color: white;"[39m
          [36m>[39m
            [0mApplication Sketch[0m
          [36m</h2>[39m
          [36m<hr />[39m
          [36m<div[39m
            [33mstyle[39m=[32m"color: white;"[39m
          [36m>[39m
            [36m<h2>[39m
              [0mCompleted Features[0m
            [36m</h2>[39m
            [36m<ul[39m
              [33mclass[39m=[32m"completedList"[39m
            [36m>[39m
              [36m<li>[39m
                [0m [0m
                [0mUsers can see a list of quizzes, including the quizzes title, description, and how many questions it has (TESTED)[0m
              [36m</li>[39m
              [36m<li>[39m
                [0mUsers can select a specific quiz to see the questions, including the questions name, body, and points (TESTED)[0m
              [36m</li>[39m
              [36m<li>[39m
                [0mQuiz questions can be of AT LEAST two types: a short answer question or multiple choice question (TESTED)[0m
              [36m</li>[39m
              [36m<li>[39m
                [0mUsers can enter or choose an answer for a quiz question, and be told if they are correct (TESTED)[0m
              [36m</li>[39m
              [36m<li>[39m
                [0mUsers can see how many total points they have earned (TESTED)[0m
              [36m</li>[39m
              [36m<li>[39m
                [0mUsers can clear out their existing answers for a quiz (TESTED)[0m
              [36m</li>[39m
              [36m<li>[39m
                [0mUsers can publish or unpublish a question (TESTED)[0m
              [36m</li>[39m
              [36m<li>[39m
                [0mUsers can filter the questions in a list so that only published questions are shown (TESTED)[0m
              [36m</li>[39m
              [36m<li>[39m
                [0mUsers can edit the questions and fields of a quiz (TESTED)[0m
              [36m</li>[39m
              [36m<li>[39m
                [0mUsers can add a new quiz question (TESTED)[0m
              [36m</li>[39m
              [36m<li>[39m
                [0mUsers can delete an existing quiz question (TESTED)[0m
              [36m</li>[39m
              [36m<li>[39m
                [0mUsers can reorder quiz questions (TESTED)[0m
              [36m</li>[39m
              [36m<li>[39m
                [0mUsers can add a new quiz (TESTED)[0m
              [36m</li>[39m
              [36m<li>[39m
                [0mUsers can delete an existing quiz (TESTED)[0m
              [36m</li>[39m
            [36m</ul>[39m
          [36m</div>[39m
        [36m</div>[39m
      [36m</div>[39m
    [36m</body>[39m

      60 |         for (let i = 0; i < QUIZZES[1].questionList.length; i++) {
      61 |             expect(
    > 62 |                 screen.getByText(QUIZZES[1].questionList[i].body, {
         |                        ^
      63 |                     exact: false
      64 |                 })
      65 |             ).toBeInTheDocument();

      at Object.getElementError (node_modules/@testing-library/dom/dist/config.js:38:19)
      at node_modules/@testing-library/dom/dist/query-helpers.js:90:38
      at node_modules/@testing-library/dom/dist/query-helpers.js:62:17
      at getByText (node_modules/@testing-library/dom/dist/query-helpers.js:111:19)
      at Object.<anonymous> (src/quizzer/Quizzer.test.tsx:62:24)

  ● Quizzer Tests › Quiz questions can be of AT LEAST two types: a short answer question or multiple choice question

    TestingLibraryElementError: Unable to find an element with the text: Example Answer. This could be because the text is broken up by multiple elements. In this case, you can provide a function for your text matcher to make your matcher more flexible.

    Ignored nodes: comments, <script />, <style />
    [36m<body[39m
      [33mclass[39m=[32m""[39m
      [33mstyle[39m=[32m"padding-right: 1024px;"[39m
    [36m>[39m
      [36m<div>[39m
        [36m<div[39m
          [33mclass[39m=[32m"quizzer"[39m
        [36m>[39m
          [36m<div[39m
            [33mclass[39m=[32m"quiz_list"[39m
          [36m>[39m
            [36m<div[39m
              [33mclass[39m=[32m"quiz_card"[39m
            [36m>[39m
              [36m<div[39m
                [33mclass[39m=[32m"d-flex justify-content-between align-items-center"[39m
              [36m>[39m
                [36m<div[39m
                  [33mclass[39m=[32m"d-flex align-items-baseline"[39m
                [36m>[39m
                  [36m<h1[39m
                    [33mclass[39m=[32m"title"[39m
                  [36m>[39m
                    [0mSimple_Questions[0m
                  [36m</h1>[39m
                  [36m<p>[39m
                    [0m2[0m
                    [0m question[0m
                    [0ms[0m
                  [36m</p>[39m
                [36m</div>[39m
                [36m<div>[39m
                  [36m<button[39m
                    [33mclass[39m=[32m"esc_button text-align-center btn btn-warning"[39m
                    [33mtype[39m=[32m"button"[39m
                  [36m>[39m
                    [0mEdit[0m
                  [36m</button>[39m
                  [36m<button[39m
                    [33mclass[39m=[32m"esc_button text-align-center btn btn-danger"[39m
                    [33mtype[39m=[32m"button"[39m
                  [36m>[39m
                    [0mExit[0m
                  [36m</button>[39m
                [36m</div>[39m
              [36m</div>[39m
              [36m<p[39m
                [33mclass[39m=[32m"desc"[39m
              [36m>[39m
                [0mThis quiz is full of simple questions and is published[0m
              [36m</p>[39m
              [36m<hr />[39m
              [36m<div[39m
                [33mclass[39m=[32m"question"[39m
              [36m>[39m
                [36m<div[39m
                  [33mclass[39m=[32m"question_header"[39m
                [36m>[39m
                  [36m<h4[39m
                    [33mdata-testid[39m=[32m"question_body"[39m
                  [36m>[39m
                    [0m1[0m
                    [0m. [0m
                    [0mWhat is 2+2?[0m
                  [36m</h4>[39m
                  [36m<h4>[39m
                    [0m1[0m
                    [0m pt[0m
                    [0m[0m
                  [36m</h4>[39m
                [36m</div>[39m
                [0mf[0m
                [36m<div[39m
                  [33mclass[39m=[32m"answer_box"[39m
                [36m>[39m
                  [36m<div />[39m
                  [36m<div[39m
                    [33mclass[39m=[32m"sub_check"[39m
                  [36m>[39m
                    [36m<h2[39m
                      [33mclass[39m=[32m"hidden"[39m
                    [36m>[39m
                      [0m❌[0m
                    [36m</h2>[39m
                    [36m<button[39m
                      [33mclass[39m=[32m"submit_btn btn btn-primary"[39m
                      [33mtype[39m=[32m"button"[39m
                    [36m>[39m
                      [0mSubmit[0m
                    [36m</button>[39m
                  [36m</div>[39m
                [36m</div>[39m
              [36m</div>[39m
              [36m<hr />[39m
              [36m<div[39m
                [33mclass[39m=[32m"question"[39m
              [36m>[39m
                [36m<div[39m
                  [33mclass[39m=[32m"question_header"[39m
                [36m>[39m
                  [36m<h4[39m
                    [33mdata-testid[39m=[32m"question_body"[39m
                  [36m>[39m
                    [0m2[0m
                    [0m. [0m
                    [0mWhich of these is a color?[0m
                  [36m</h4>[39m
                  [36m<h4>[39m
                    [0m1[0m
                    [0m pt[0m
                    [0m[0m
                  [36m</h4>[39m
                [36m</div>[39m
                [0mf[0m
                [36m<div[39m
                  [33mclass[39m=[32m"answer_box"[39m
                [36m>[39m
                  [36m<div>[39m
                    [36m<div[39m
                      [33mclass[39m=[32m"form-check"[39m
                    [36m>[39m
                      [36m<input[39m
                        [33mclass[39m=[32m"form-check-input"[39m
                        [33mname[39m=[32m"questionChoice1"[39m
                        [33mtype[39m=[32m"checkbox"[39m
                        [33mvalue[39m=[32m"red"[39m
                      [36m/>[39m
                      [36m<label[39m
                        [33mclass[39m=[32m"form-check-label"[39m
                        [33mtitle[39m=[32m""[39m
                      [36m>[39m
                        [0mred[0m
                      [36m</label>[39m
                    [36m</div>[39m
                    [36m<div[39m
                      [33mclass[39m=[32m"form-check"[39m
                    [36m>[39m
                      [36m<input[39m
                        [33mclass[39m=[32m"form-check-input"[39m
                        [33mname[39m=[32m"questionChoice1"[39m
                        [33mtype[39m=[32m"checkbox"[39m
                        [33mvalue[39m=[32m"apple"[39m
                      [36m/>[39m
                      [36m<label[39m
                        [33mclass[39m=[32m"form-check-label"[39m
                        [33mtitle[39m=[32m""[39m
                      [36m>[39m
                        [0mapple[0m
                      [36m</label>[39m
                    [36m</div>[39m
                    [36m<div[39m
                      [33mclass[39m=[32m"form-check"[39m
                    [36m>[39m
                      [36m<input[39m
                        [33mclass[39m=[32m"form-check-input"[39m
                        [33mname[39m=[32m"questionChoice1"[39m
                        [33mtype[39m=[32m"checkbox"[39m
                        [33mvalue[39m=[32m"firetruck"[39m
                      [36m/>[39m
                      [36m<label[39m
                        [33mclass[39m=[32m"form-check-label"[39m
                        [33mtitle[39m=[32m""[39m
                      [36m>[39m
                        [0mfiretruck[0m
                      [36m</label>[39m
                    [36m</div>[39m
                  [36m</div>[39m
                  [36m<div[39m
                    [33mclass[39m=[32m"sub_check"[39m
                  [36m>[39m
                    [36m<h2[39m
                      [33mclass[39m=[32m"hidden"[39m
                    [36m>[39m
                      [0m❌[0m
                    [36m</h2>[39m
                    [36m<button[39m
                      [33mclass[39m=[32m"submit_btn btn btn-primary"[39m
                      [33mtype[39m=[32m"button"[39m
                    [36m>[39m
                      [0mSubmit[0m
                    [36m</button>[39m
                  [36m</div>[39m
                [36m</div>[39m
              [36m</div>[39m
              [36m<hr />[39m
              [36m<div[39m
                [33mclass[39m=[32m"footer"[39m
              [36m>[39m
                [36m<button[39m
                  [33mclass[39m=[32m"btn btn-danger"[39m
                  [33mtype[39m=[32m"button"[39m
                [36m>[39m
                  [0mReset[0m
                [36m</button>[39m
                [36m<span[39m
                  [33mclass[39m=[32m"score_report"[39m
                [36m>[39m
                  [0m0[0m
                  [0m/[0m
                  [0m2[0m
                [36m</span>[39m
              [36m</div>[39m
            [36m</div>[39m
          [36m</div>[39m
          [36m<div />[39m
          [36m<hr />[39m
          [36m<h2[39m
            [33mstyle[39m=[32m"color: white;"[39m
          [36m>[39m
            [0mApplication Sketch[0m
          [36m</h2>[39m
          [36m<hr />[39m
          [36m<div[39m
            [33mstyle[39m=[32m"color: white;"[39m
          [36m>[39m
            [36m<h2>[39m
              [0mCompleted Features[0m
            [36m</h2>[39m
            [36m<ul[39m
              [33mclass[39m=[32m"completedList"[39m
            [36m>[39m
              [36m<li>[39m
                [0m [0m
                [0mUsers can see a list of quizzes, including the quizzes title, description, and how many questions it has (TESTED)[0m
              [36m</li>[39m
              [36m<li>[39m
                [0mUsers can select a specific quiz to see the questions, including the questions name, body, and points (TESTED)[0m
              [36m</li>[39m
              [36m<li>[39m
                [0mQuiz questions can be of AT LEAST two types: a short answer question or multiple choice question (TESTED)[0m
              [36m</li>[39m
              [36m<li>[39m
                [0mUsers can enter or choose an answer for a quiz question, and be told if they are correct (TESTED)[0m
              [36m</li>[39m
              [36m<li>[39m
                [0mUsers can see how many total points they have earned (TESTED)[0m
              [36m</li>[39m
              [36m<li>[39m
                [0mUsers can clear out their existing answers for a quiz (TESTED)[0m
              [36m</li>[39m
              [36m<li>[39m
                [0mUsers can publish or unpublish a question (TESTED)[0m
              [36m</li>[39m
              [36m<li>[39m
                [0mUsers can filter the questions in a list so that only published questions are shown (TESTED)[0m
              [36m</li>[39m
              [36m<li>[39m
                [0mUsers can edit the questions and fields of a quiz (TESTED)[0m
              [36m</li>[39m
              [36m<li>[39m
                [0mUsers can add a new quiz question (TESTED)[0m
              [36m</li>[39m
              [36m<li>[39m
                [0mUsers can delete an existing quiz question (TESTED)[0m
              [36m</li>[39m
              [36m<li>[39m
                [0mUsers can reorder quiz questions (TESTED)[0m
              [36m</li>[39m
              [36m<li>[39m
                [0mUsers can add a new quiz (TESTED)[0m
              [36m</li>[39m
              [36m<li>[39m
                [0mUsers can delete an existing quiz (TESTED)[0m
              [36m</li>[39m
            [36m</ul>[39m
          [36m</div>[39m
        [36m</div>[39m
      [36m</div>[39m
    [36m</body>[39m

      254 |
      255 |         expect(
    > 256 |             screen.getAllByText("Example Answer", {
          |                    ^
      257 |                 exact: false
      258 |             })[0]
      259 |         ).toBeInTheDocument();

      at Object.getElementError (node_modules/@testing-library/dom/dist/config.js:38:19)
      at node_modules/@testing-library/dom/dist/query-helpers.js:90:38
      at getAllByText (node_modules/@testing-library/dom/dist/query-helpers.js:130:15)
      at Object.<anonymous> (src/quizzer/Quizzer.test.tsx:256:20)

PASS src/App.test.tsx
-------------------|---------|----------|---------|---------|--------------------------------------------
File               | % Stmts | % Branch | % Funcs | % Lines | Uncovered Line #s                          
-------------------|---------|----------|---------|---------|--------------------------------------------
All files          |   82.06 |    81.66 |   76.71 |   81.29 |                                            
 src               |   66.66 |       50 |      50 |   66.66 |                                            
  App.tsx          |   66.66 |       50 |      50 |   66.66 | 16                                         
 src/interfaces    |       0 |        0 |       0 |       0 |                                            
  question.ts      |       0 |        0 |       0 |       0 |                                            
  quiz.ts          |       0 |        0 |       0 |       0 |                                            
 src/quizzer       |   82.39 |    83.92 |   77.46 |   81.61 |                                            
  AddQuizModal.tsx |   64.28 |      100 |      40 |   64.28 | 36-55                                      
  QuestionEdit.tsx |   42.85 |    64.28 |      40 |   42.85 | 27-30,39-40,47-49,57-59,82,162,196,223,248 
  QuizCard.tsx     |     100 |       80 |     100 |     100 | 32                                         
  QuizEdit.tsx     |   85.18 |      100 |   73.33 |      84 | 27-29,62,92                                
  QuizExpanded.tsx |     100 |    85.71 |     100 |     100 | 71                                         
  QuizList.tsx     |     100 |      100 |     100 |     100 |                                            
  QuizQuestion.tsx |     100 |    85.71 |     100 |     100 | 24-31                                      
  QuizView.tsx     |     100 |      100 |     100 |     100 |                                            
  Quizzer.tsx      |     100 |      100 |     100 |     100 |                                            
-------------------|---------|----------|---------|---------|--------------------------------------------

Test Suites: 1 failed, 1 passed, 2 total
Tests:       2 failed, 13 passed, 15 total
Snapshots:   0 total
Time:        4.46 s
Ran all test suites.
